
Running 37 tests using 1 worker

  ok  1 [chromium] › tests\e2e\complete-frontend.spec.ts:89:9 › MAIDAR Frontend - Complete Test Suite › 1. Authentication Flow › 1.1 Login page loads correctly (1.1s)
  ok  2 [chromium] › tests\e2e\complete-frontend.spec.ts:96:9 › MAIDAR Frontend - Complete Test Suite › 1. Authentication Flow › 1.2 Registration page loads (941ms)
Attempting registration...
Registration successful
  ok  3 [chromium] › tests\e2e\complete-frontend.spec.ts:103:9 › MAIDAR Frontend - Complete Test Suite › 1. Authentication Flow › 1.3 User can register successfully (1.8s)
Attempting login for: e2e-tenant@maidar.com
Login successful - redirected to: http://localhost:3000/dashboard
  ok  4 [chromium] › tests\e2e\complete-frontend.spec.ts:108:9 › MAIDAR Frontend - Complete Test Suite › 1. Authentication Flow › 1.4 User can login successfully (2.3s)
  ok  5 [chromium] › tests\e2e\complete-frontend.spec.ts:113:9 › MAIDAR Frontend - Complete Test Suite › 1. Authentication Flow › 1.5 Invalid login shows error (2.0s)
  ok  6 [chromium] › tests\e2e\complete-frontend.spec.ts:127:9 › MAIDAR Frontend - Complete Test Suite › 1. Authentication Flow › 1.6 Protected routes redirect to login (824ms)
  x   7 [chromium] › tests\e2e\complete-frontend.spec.ts:135:9 › MAIDAR Frontend - Complete Test Suite › 1. Authentication Flow › 1.7 Login/Register toggle works (3.2s)
Attempting login for: e2e-tenant@maidar.com
Login successful - redirected to: http://localhost:3000/dashboard
  ok  8 [chromium] › tests\e2e\complete-frontend.spec.ts:157:9 › MAIDAR Frontend - Complete Test Suite › 2. Dashboard & Navigation › 2.1 Dashboard loads after login (1.7s)
Attempting login for: e2e-tenant@maidar.com
Login successful - redirected to: http://localhost:3000/dashboard
  ok  9 [chromium] › tests\e2e\complete-frontend.spec.ts:171:9 › MAIDAR Frontend - Complete Test Suite › 2. Dashboard & Navigation › 2.2 Sidebar navigation exists (1.6s)
Attempting login for: e2e-tenant@maidar.com
  x  10 [chromium] › tests\e2e\complete-frontend.spec.ts:182:9 › MAIDAR Frontend - Complete Test Suite › 2. Dashboard & Navigation › 2.3 Navigation links are clickable (21.2s)
  -  11 [chromium] › tests\e2e\complete-frontend.spec.ts:196:9 › MAIDAR Frontend - Complete Test Suite › 2. Dashboard & Navigation › 2.4 Profile menu accessible
Attempting login for: e2e-tenant@maidar.com
Login successful - redirected to: http://localhost:3000/dashboard
  x  12 [chromium] › tests\e2e\complete-frontend.spec.ts:217:9 › MAIDAR Frontend - Complete Test Suite › 3. Employee Management › 3.1 Employee page loads (9.4s)
  -  13 [chromium] › tests\e2e\complete-frontend.spec.ts:231:9 › MAIDAR Frontend - Complete Test Suite › 3. Employee Management › 3.2 Create employee button exists
  -  14 [chromium] › tests\e2e\complete-frontend.spec.ts:242:9 › MAIDAR Frontend - Complete Test Suite › 3. Employee Management › 3.3 Employee form appears when create is clicked
  -  15 [chromium] › tests\e2e\complete-frontend.spec.ts:263:9 › MAIDAR Frontend - Complete Test Suite › 3. Employee Management › 3.4 Employee list displays data
  -  16 [chromium] › tests\e2e\complete-frontend.spec.ts:277:9 › MAIDAR Frontend - Complete Test Suite › 3. Employee Management › 3.5 Search functionality exists
Attempting login for: e2e-tenant@maidar.com
  x  17 [chromium] › tests\e2e\complete-frontend.spec.ts:293:9 › MAIDAR Frontend - Complete Test Suite › 4. Scenario Management › 4.1 Scenario page loads (21.2s)
  -  18 [chromium] › tests\e2e\complete-frontend.spec.ts:305:9 › MAIDAR Frontend - Complete Test Suite › 4. Scenario Management › 4.2 Create scenario button exists
  -  19 [chromium] › tests\e2e\complete-frontend.spec.ts:313:9 › MAIDAR Frontend - Complete Test Suite › 4. Scenario Management › 4.3 Scenario form validation works
  -  20 [chromium] › tests\e2e\complete-frontend.spec.ts:343:9 › MAIDAR Frontend - Complete Test Suite › 4. Scenario Management › 4.4 Scenario list displays
  -  21 [chromium] › tests\e2e\complete-frontend.spec.ts:352:9 › MAIDAR Frontend - Complete Test Suite › 4. Scenario Management › 4.5 Scenario categories visible
Attempting login for: e2e-tenant@maidar.com
  x  22 [chromium] › tests\e2e\complete-frontend.spec.ts:372:9 › MAIDAR Frontend - Complete Test Suite › 5. Simulation Management › 5.1 Simulation page loads (21.3s)
  -  23 [chromium] › tests\e2e\complete-frontend.spec.ts:384:9 › MAIDAR Frontend - Complete Test Suite › 5. Simulation Management › 5.2 Create simulation button exists
  -  24 [chromium] › tests\e2e\complete-frontend.spec.ts:392:9 › MAIDAR Frontend - Complete Test Suite › 5. Simulation Management › 5.3 Simulation list displays
Attempting login for: e2e-tenant@maidar.com
  x  25 [chromium] › tests\e2e\complete-frontend.spec.ts:407:9 › MAIDAR Frontend - Complete Test Suite › 6. Analytics & Risk Assessment › 6.1 Analytics page loads (21.3s)
  -  26 [chromium] › tests\e2e\complete-frontend.spec.ts:419:9 › MAIDAR Frontend - Complete Test Suite › 6. Analytics & Risk Assessment › 6.2 Risk assessment page loads
  -  27 [chromium] › tests\e2e\complete-frontend.spec.ts:429:9 › MAIDAR Frontend - Complete Test Suite › 6. Analytics & Risk Assessment › 6.3 Charts and graphs render
Attempting login for: e2e-tenant@maidar.com
  x  28 [chromium] › tests\e2e\complete-frontend.spec.ts:449:9 › MAIDAR Frontend - Complete Test Suite › 7. Settings Page › 7.1 Settings page loads (21.2s)
  -  29 [chromium] › tests\e2e\complete-frontend.spec.ts:461:9 › MAIDAR Frontend - Complete Test Suite › 7. Settings Page › 7.2 Settings form elements exist
  -  30 [chromium] › tests\e2e\complete-frontend.spec.ts:473:9 › MAIDAR Frontend - Complete Test Suite › 7. Settings Page › 7.3 Settings can be saved
  ok 31 [chromium] › tests\e2e\complete-frontend.spec.ts:485:9 › MAIDAR Frontend - Complete Test Suite › 8. Error Handling › 8.1 404 page exists (1.1s)
  x  32 [chromium] › tests\e2e\complete-frontend.spec.ts:497:9 › MAIDAR Frontend - Complete Test Suite › 8. Error Handling › 8.2 Network error handling (181ms)
  ok 33 [chromium] › tests\e2e\complete-frontend.spec.ts:519:9 › MAIDAR Frontend - Complete Test Suite › 9. Responsive Design › 9.1 Mobile viewport renders correctly (938ms)
  x  34 [chromium] › tests\e2e\complete-frontend.spec.ts:526:9 › MAIDAR Frontend - Complete Test Suite › 9. Responsive Design › 9.2 Tablet viewport works (159ms)
  ok 35 [chromium] › tests\e2e\complete-frontend.spec.ts:536:9 › MAIDAR Frontend - Complete Test Suite › 10. Performance › 10.1 Pages load within reasonable time (1.1s)
  x  36 [chromium] › tests\e2e\complete-frontend.spec.ts:545:9 › MAIDAR Frontend - Complete Test Suite › 10. Performance › 10.2 Loading indicators appear (192ms)
  x  37 [chromium] › tests\e2e\complete-frontend.spec.ts:561:9 › MAIDAR Frontend - Complete Test Suite › 11. Logout Flow › 11.1 User can logout (198ms)


  1) [chromium] › tests\e2e\complete-frontend.spec.ts:135:9 › MAIDAR Frontend - Complete Test Suite › 1. Authentication Flow › 1.7 Login/Register toggle works 

    Error: locator.isVisible: Error: strict mode violation: locator('text=/organization/i') resolved to 3 elements:
        1) <p class="jsx-8242f7440153d8fe text-cyan-100/90 text-lg leading-relaxed">Measure, predict, explain, and reduce human cyber…</p> aka getByText('Measure, predict, explain,')
        2) <div class="jsx-8242f7440153d8fe text-cyan-200/80 text-sm font-medium">Organizations</div> aka getByText('Organizations', { exact: true })
        3) <label class="jsx-8242f7440153d8fe block text-sm font-semibold text-slate-700">Organization Name</label> aka getByText('Organization Name')

    Call log:
    [2m    - checking visibility of locator('text=/organization/i')[22m


      143 |         await page.waitForTimeout(2000);
      144 |         // Should show registration fields or navigate to register page
    > 145 |         const onRegisterPage = page.url().includes('/register') || await page.locator('text=/organization/i').isVisible();
          |                                                                                                               ^
      146 |         expect(onRegisterPage).toBeTruthy();
      147 |       }
      148 |     });
        at C:\Users\User\OneDrive\Desktop\MAIDAR\frontend\tests\e2e\complete-frontend.spec.ts:145:111

    attachment #1: screenshot (image/png) ──────────────────────────────────────────────────────────
    test-results\complete-frontend-MAIDAR-F-dcf26-Login-Register-toggle-works-chromium\test-failed-1.png
    ────────────────────────────────────────────────────────────────────────────────────────────────

    attachment #2: video (video/webm) ──────────────────────────────────────────────────────────────
    test-results\complete-frontend-MAIDAR-F-dcf26-Login-Register-toggle-works-chromium\video.webm
    ────────────────────────────────────────────────────────────────────────────────────────────────

    Error Context: test-results\complete-frontend-MAIDAR-F-dcf26-Login-Register-toggle-works-chromium\error-context.md

  2) [chromium] › tests\e2e\complete-frontend.spec.ts:182:9 › MAIDAR Frontend - Complete Test Suite › 2. Dashboard & Navigation › 2.3 Navigation links are clickable 

    TimeoutError: page.waitForURL: Timeout 20000ms exceeded.
    =========================== logs ===========================
    waiting for navigation to "**/*dashboard*" until "load"
    ============================================================

      50 |   // Super admin → /super-admin/dashboard
      51 |   // Tenant admin → /dashboard
    > 52 |   await page.waitForURL('**/*dashboard*', { timeout: 20000 });
         |              ^
      53 |
      54 |   // Wait for dashboard content to load
      55 |   await page.waitForLoadState('networkidle', { timeout: 15000 });
        at login (C:\Users\User\OneDrive\Desktop\MAIDAR\frontend\tests\e2e\complete-frontend.spec.ts:52:14)
        at C:\Users\User\OneDrive\Desktop\MAIDAR\frontend\tests\e2e\complete-frontend.spec.ts:154:7

    attachment #1: screenshot (image/png) ──────────────────────────────────────────────────────────
    test-results\complete-frontend-MAIDAR-F-21335-igation-links-are-clickable-chromium\test-failed-1.png
    ────────────────────────────────────────────────────────────────────────────────────────────────

    attachment #2: video (video/webm) ──────────────────────────────────────────────────────────────
    test-results\complete-frontend-MAIDAR-F-21335-igation-links-are-clickable-chromium\video.webm
    ────────────────────────────────────────────────────────────────────────────────────────────────

    Error Context: test-results\complete-frontend-MAIDAR-F-21335-igation-links-are-clickable-chromium\error-context.md

  3) [chromium] › tests\e2e\complete-frontend.spec.ts:217:9 › MAIDAR Frontend - Complete Test Suite › 3. Employee Management › 3.1 Employee page loads 

    Error: [2mexpect([22m[31mreceived[39m[2m).[22mtoBeTruthy[2m()[22m

    Received: [31mfalse[39m

      226 |       ]);
      227 |
    > 228 |       expect(hasEmployeeContent).toBeTruthy();
          |                                  ^
      229 |     });
      230 |
      231 |     test('3.2 Create employee button exists', async ({ page }) => {
        at C:\Users\User\OneDrive\Desktop\MAIDAR\frontend\tests\e2e\complete-frontend.spec.ts:228:34

    attachment #1: screenshot (image/png) ──────────────────────────────────────────────────────────
    test-results\complete-frontend-MAIDAR-F-6957f-ent-3-1-Employee-page-loads-chromium\test-failed-1.png
    ────────────────────────────────────────────────────────────────────────────────────────────────

    attachment #2: video (video/webm) ──────────────────────────────────────────────────────────────
    test-results\complete-frontend-MAIDAR-F-6957f-ent-3-1-Employee-page-loads-chromium\video.webm
    ────────────────────────────────────────────────────────────────────────────────────────────────

    Error Context: test-results\complete-frontend-MAIDAR-F-6957f-ent-3-1-Employee-page-loads-chromium\error-context.md

  4) [chromium] › tests\e2e\complete-frontend.spec.ts:293:9 › MAIDAR Frontend - Complete Test Suite › 4. Scenario Management › 4.1 Scenario page loads 

    TimeoutError: page.waitForURL: Timeout 20000ms exceeded.
    =========================== logs ===========================
    waiting for navigation to "**/*dashboard*" until "load"
    ============================================================

      50 |   // Super admin → /super-admin/dashboard
      51 |   // Tenant admin → /dashboard
    > 52 |   await page.waitForURL('**/*dashboard*', { timeout: 20000 });
         |              ^
      53 |
      54 |   // Wait for dashboard content to load
      55 |   await page.waitForLoadState('networkidle', { timeout: 15000 });
        at login (C:\Users\User\OneDrive\Desktop\MAIDAR\frontend\tests\e2e\complete-frontend.spec.ts:52:14)
        at C:\Users\User\OneDrive\Desktop\MAIDAR\frontend\tests\e2e\complete-frontend.spec.ts:290:7

    attachment #1: screenshot (image/png) ──────────────────────────────────────────────────────────
    test-results\complete-frontend-MAIDAR-F-ce7f3-ent-4-1-Scenario-page-loads-chromium\test-failed-1.png
    ────────────────────────────────────────────────────────────────────────────────────────────────

    attachment #2: video (video/webm) ──────────────────────────────────────────────────────────────
    test-results\complete-frontend-MAIDAR-F-ce7f3-ent-4-1-Scenario-page-loads-chromium\video.webm
    ────────────────────────────────────────────────────────────────────────────────────────────────

    Error Context: test-results\complete-frontend-MAIDAR-F-ce7f3-ent-4-1-Scenario-page-loads-chromium\error-context.md

  5) [chromium] › tests\e2e\complete-frontend.spec.ts:372:9 › MAIDAR Frontend - Complete Test Suite › 5. Simulation Management › 5.1 Simulation page loads 

    TimeoutError: page.waitForURL: Timeout 20000ms exceeded.
    =========================== logs ===========================
    waiting for navigation to "**/*dashboard*" until "load"
    ============================================================

      50 |   // Super admin → /super-admin/dashboard
      51 |   // Tenant admin → /dashboard
    > 52 |   await page.waitForURL('**/*dashboard*', { timeout: 20000 });
         |              ^
      53 |
      54 |   // Wait for dashboard content to load
      55 |   await page.waitForLoadState('networkidle', { timeout: 15000 });
        at login (C:\Users\User\OneDrive\Desktop\MAIDAR\frontend\tests\e2e\complete-frontend.spec.ts:52:14)
        at C:\Users\User\OneDrive\Desktop\MAIDAR\frontend\tests\e2e\complete-frontend.spec.ts:369:7

    attachment #1: screenshot (image/png) ──────────────────────────────────────────────────────────
    test-results\complete-frontend-MAIDAR-F-498b7-t-5-1-Simulation-page-loads-chromium\test-failed-1.png
    ────────────────────────────────────────────────────────────────────────────────────────────────

    attachment #2: video (video/webm) ──────────────────────────────────────────────────────────────
    test-results\complete-frontend-MAIDAR-F-498b7-t-5-1-Simulation-page-loads-chromium\video.webm
    ────────────────────────────────────────────────────────────────────────────────────────────────

    Error Context: test-results\complete-frontend-MAIDAR-F-498b7-t-5-1-Simulation-page-loads-chromium\error-context.md

  6) [chromium] › tests\e2e\complete-frontend.spec.ts:407:9 › MAIDAR Frontend - Complete Test Suite › 6. Analytics & Risk Assessment › 6.1 Analytics page loads 

    TimeoutError: page.waitForURL: Timeout 20000ms exceeded.
    =========================== logs ===========================
    waiting for navigation to "**/*dashboard*" until "load"
    ============================================================

      50 |   // Super admin → /super-admin/dashboard
      51 |   // Tenant admin → /dashboard
    > 52 |   await page.waitForURL('**/*dashboard*', { timeout: 20000 });
         |              ^
      53 |
      54 |   // Wait for dashboard content to load
      55 |   await page.waitForLoadState('networkidle', { timeout: 15000 });
        at login (C:\Users\User\OneDrive\Desktop\MAIDAR\frontend\tests\e2e\complete-frontend.spec.ts:52:14)
        at C:\Users\User\OneDrive\Desktop\MAIDAR\frontend\tests\e2e\complete-frontend.spec.ts:404:7

    attachment #1: screenshot (image/png) ──────────────────────────────────────────────────────────
    test-results\complete-frontend-MAIDAR-F-5d9c6-nt-6-1-Analytics-page-loads-chromium\test-failed-1.png
    ────────────────────────────────────────────────────────────────────────────────────────────────

    attachment #2: video (video/webm) ──────────────────────────────────────────────────────────────
    test-results\complete-frontend-MAIDAR-F-5d9c6-nt-6-1-Analytics-page-loads-chromium\video.webm
    ────────────────────────────────────────────────────────────────────────────────────────────────

    Error Context: test-results\complete-frontend-MAIDAR-F-5d9c6-nt-6-1-Analytics-page-loads-chromium\error-context.md

  7) [chromium] › tests\e2e\complete-frontend.spec.ts:449:9 › MAIDAR Frontend - Complete Test Suite › 7. Settings Page › 7.1 Settings page loads 

    TimeoutError: page.waitForURL: Timeout 20000ms exceeded.
    =========================== logs ===========================
    waiting for navigation to "**/*dashboard*" until "load"
    ============================================================

      50 |   // Super admin → /super-admin/dashboard
      51 |   // Tenant admin → /dashboard
    > 52 |   await page.waitForURL('**/*dashboard*', { timeout: 20000 });
         |              ^
      53 |
      54 |   // Wait for dashboard content to load
      55 |   await page.waitForLoadState('networkidle', { timeout: 15000 });
        at login (C:\Users\User\OneDrive\Desktop\MAIDAR\frontend\tests\e2e\complete-frontend.spec.ts:52:14)
        at C:\Users\User\OneDrive\Desktop\MAIDAR\frontend\tests\e2e\complete-frontend.spec.ts:446:7

    attachment #1: screenshot (image/png) ──────────────────────────────────────────────────────────
    test-results\complete-frontend-MAIDAR-F-2994e-age-7-1-Settings-page-loads-chromium\test-failed-1.png
    ────────────────────────────────────────────────────────────────────────────────────────────────

    attachment #2: video (video/webm) ──────────────────────────────────────────────────────────────
    test-results\complete-frontend-MAIDAR-F-2994e-age-7-1-Settings-page-loads-chromium\video.webm
    ────────────────────────────────────────────────────────────────────────────────────────────────

    Error Context: test-results\complete-frontend-MAIDAR-F-2994e-age-7-1-Settings-page-loads-chromium\error-context.md

  8) [chromium] › tests\e2e\complete-frontend.spec.ts:497:9 › MAIDAR Frontend - Complete Test Suite › 8. Error Handling › 8.2 Network error handling 

    ReferenceError: TEST_USER is not defined

      496 |
      497 |     test('8.2 Network error handling', async ({ page }) => {
    > 498 |       await login(page, TEST_USER.email, TEST_USER.password);
          |                         ^
      499 |
      500 |       // Simulate network failure
      501 |       await page.route('**/api/**', route => route.abort());
        at C:\Users\User\OneDrive\Desktop\MAIDAR\frontend\tests\e2e\complete-frontend.spec.ts:498:25

    attachment #1: screenshot (image/png) ──────────────────────────────────────────────────────────
    test-results\complete-frontend-MAIDAR-F-1bac0--8-2-Network-error-handling-chromium\test-failed-1.png
    ────────────────────────────────────────────────────────────────────────────────────────────────

    attachment #2: video (video/webm) ──────────────────────────────────────────────────────────────
    test-results\complete-frontend-MAIDAR-F-1bac0--8-2-Network-error-handling-chromium\video.webm
    ────────────────────────────────────────────────────────────────────────────────────────────────

  9) [chromium] › tests\e2e\complete-frontend.spec.ts:526:9 › MAIDAR Frontend - Complete Test Suite › 9. Responsive Design › 9.2 Tablet viewport works 

    ReferenceError: TEST_USER is not defined

      526 |     test('9.2 Tablet viewport works', async ({ page }) => {
      527 |       await page.setViewportSize({ width: 768, height: 1024 });
    > 528 |       await login(page, TEST_USER.email, TEST_USER.password);
          |                         ^
      529 |
      530 |       await expect(page).toHaveURL(/.*dashboard/);
      531 |     });
        at C:\Users\User\OneDrive\Desktop\MAIDAR\frontend\tests\e2e\complete-frontend.spec.ts:528:25

    attachment #1: screenshot (image/png) ──────────────────────────────────────────────────────────
    test-results\complete-frontend-MAIDAR-F-054a0-n-9-2-Tablet-viewport-works-chromium\test-failed-1.png
    ────────────────────────────────────────────────────────────────────────────────────────────────

    attachment #2: video (video/webm) ──────────────────────────────────────────────────────────────
    test-results\complete-frontend-MAIDAR-F-054a0-n-9-2-Tablet-viewport-works-chromium\video.webm
    ────────────────────────────────────────────────────────────────────────────────────────────────

  10) [chromium] › tests\e2e\complete-frontend.spec.ts:545:9 › MAIDAR Frontend - Complete Test Suite › 10. Performance › 10.2 Loading indicators appear 

    ReferenceError: TEST_USER is not defined

      544 |
      545 |     test('10.2 Loading indicators appear', async ({ page }) => {
    > 546 |       await login(page, TEST_USER.email, TEST_USER.password);
          |                         ^
      547 |
      548 |       // Navigate to a data-heavy page
      549 |       await page.goto('/analytics');
        at C:\Users\User\OneDrive\Desktop\MAIDAR\frontend\tests\e2e\complete-frontend.spec.ts:546:25

    attachment #1: screenshot (image/png) ──────────────────────────────────────────────────────────
    test-results\complete-frontend-MAIDAR-F-1c9fe-2-Loading-indicators-appear-chromium\test-failed-1.png
    ────────────────────────────────────────────────────────────────────────────────────────────────

    attachment #2: video (video/webm) ──────────────────────────────────────────────────────────────
    test-results\complete-frontend-MAIDAR-F-1c9fe-2-Loading-indicators-appear-chromium\video.webm
    ────────────────────────────────────────────────────────────────────────────────────────────────

  11) [chromium] › tests\e2e\complete-frontend.spec.ts:561:9 › MAIDAR Frontend - Complete Test Suite › 11. Logout Flow › 11.1 User can logout 

    ReferenceError: TEST_USER is not defined

      560 |
      561 |     test('11.1 User can logout', async ({ page }) => {
    > 562 |       await login(page, TEST_USER.email, TEST_USER.password);
          |                         ^
      563 |
      564 |       // Look for logout button
      565 |       const logoutButton = await Promise.race([
        at C:\Users\User\OneDrive\Desktop\MAIDAR\frontend\tests\e2e\complete-frontend.spec.ts:562:25

    attachment #1: screenshot (image/png) ──────────────────────────────────────────────────────────
    test-results\complete-frontend-MAIDAR-F-46b7b-t-Flow-11-1-User-can-logout-chromium\test-failed-1.png
    ────────────────────────────────────────────────────────────────────────────────────────────────

    attachment #2: video (video/webm) ──────────────────────────────────────────────────────────────
    test-results\complete-frontend-MAIDAR-F-46b7b-t-Flow-11-1-User-can-logout-chromium\video.webm
    ────────────────────────────────────────────────────────────────────────────────────────────────

  11 failed
    [chromium] › tests\e2e\complete-frontend.spec.ts:135:9 › MAIDAR Frontend - Complete Test Suite › 1. Authentication Flow › 1.7 Login/Register toggle works 
    [chromium] › tests\e2e\complete-frontend.spec.ts:182:9 › MAIDAR Frontend - Complete Test Suite › 2. Dashboard & Navigation › 2.3 Navigation links are clickable 
    [chromium] › tests\e2e\complete-frontend.spec.ts:217:9 › MAIDAR Frontend - Complete Test Suite › 3. Employee Management › 3.1 Employee page loads 
    [chromium] › tests\e2e\complete-frontend.spec.ts:293:9 › MAIDAR Frontend - Complete Test Suite › 4. Scenario Management › 4.1 Scenario page loads 
    [chromium] › tests\e2e\complete-frontend.spec.ts:372:9 › MAIDAR Frontend - Complete Test Suite › 5. Simulation Management › 5.1 Simulation page loads 
    [chromium] › tests\e2e\complete-frontend.spec.ts:407:9 › MAIDAR Frontend - Complete Test Suite › 6. Analytics & Risk Assessment › 6.1 Analytics page loads 
    [chromium] › tests\e2e\complete-frontend.spec.ts:449:9 › MAIDAR Frontend - Complete Test Suite › 7. Settings Page › 7.1 Settings page loads 
    [chromium] › tests\e2e\complete-frontend.spec.ts:497:9 › MAIDAR Frontend - Complete Test Suite › 8. Error Handling › 8.2 Network error handling 
    [chromium] › tests\e2e\complete-frontend.spec.ts:526:9 › MAIDAR Frontend - Complete Test Suite › 9. Responsive Design › 9.2 Tablet viewport works 
    [chromium] › tests\e2e\complete-frontend.spec.ts:545:9 › MAIDAR Frontend - Complete Test Suite › 10. Performance › 10.2 Loading indicators appear 
    [chromium] › tests\e2e\complete-frontend.spec.ts:561:9 › MAIDAR Frontend - Complete Test Suite › 11. Logout Flow › 11.1 User can logout 
  15 did not run
  11 passed (2.6m)
